[    3585ms] [WARNING] Manifest: property 'name' ignored, type string expected. @ https://tv.orange.fr/assets/manifest.webmanifest:0
[    3585ms] [WARNING] Manifest: property 'short_name' ignored, type string expected. @ https://tv.orange.fr/assets/manifest.webmanifest:0
[    3585ms] [WARNING] Manifest: property 'description' ignored, type string expected. @ https://tv.orange.fr/assets/manifest.webmanifest:0
[    6731ms] [WARNING] The resource https://tv.orange.fr/assets/img-bienvenue-DJwVlz_3.jpg was preloaded using link preload but not used within a few seconds from the window's load event. Please make sure it has an appropriate `as` value and it is preloaded intentionally. @ https://tv.orange.fr/:0
[   11744ms] [WARNING] The resource https://tv.orange.fr/assets/img-bienvenue-DJwVlz_3.jpg was preloaded using link preload but not used within a few seconds from the window's load event. Please make sure it has an appropriate `as` value and it is preloaded intentionally. @ https://tv.orange.fr/:0
[   83989ms] [WARNING] The resource https://tv.orange.fr/assets/img-bienvenue-DJwVlz_3.jpg was preloaded using link preload but not used within a few seconds from the window's load event. Please make sure it has an appropriate `as` value and it is preloaded intentionally. @ https://tv.orange.fr/:0
[   92988ms] [WARNING] The resource https://tv.orange.fr/assets/img-bienvenue-DJwVlz_3.jpg was preloaded using link preload but not used within a few seconds from the window's load event. Please make sure it has an appropriate `as` value and it is preloaded intentionally. @ https://tv.orange.fr/:0
[  230631ms] [ERROR] Failed to load resource: net::ERR_NAME_NOT_RESOLVED @ https://smartlib.broadpeak.io/smartlib.js:0
[  230634ms] [ERROR] Failed to load resource: net::ERR_NAME_NOT_RESOLVED @ https://cdn.broadpeak.io/smartlib.js:0
[  231465ms] [ERROR] Failed to load resource: the server responded with a status of 405 (Method Not Allowed) @ https://cdn.ott-na-live-rti.cdnfr.orange.fr/smartlib.js:0
[  234467ms] [WARNING] The resource https://tv.orange.fr/assets/img-bienvenue-DJwVlz_3.jpg was preloaded using link preload but not used within a few seconds from the window's load event. Please make sure it has an appropriate `as` value and it is preloaded intentionally. @ https://tv.orange.fr/:0
[  247752ms] [ERROR] Failed to load resource: the server responded with a status of 400 (Bad Request) @ https://cdn.ott-na-live-rti.cdnfr.orange.fr/smartlib.js:0
[  247957ms] [ERROR] Failed to load resource: the server responded with a status of 400 (Bad Request) @ https://cdn.ott-na-live-rti.cdnfr.orange.fr/bpk-api/v1/session:0
[  248149ms] [ERROR] Failed to load resource: the server responded with a status of 400 (Bad Request) @ https://cdn.ott-na-live-rti.cdnfr.orange.fr/bpk-api/session:0
[  251149ms] [WARNING] The resource https://tv.orange.fr/assets/img-bienvenue-DJwVlz_3.jpg was preloaded using link preload but not used within a few seconds from the window's load event. Please make sure it has an appropriate `as` value and it is preloaded intentionally. @ https://tv.orange.fr/:0
[  267128ms] [WARNING] The resource https://tv.orange.fr/assets/img-bienvenue-DJwVlz_3.jpg was preloaded using link preload but not used within a few seconds from the window's load event. Please make sure it has an appropriate `as` value and it is preloaded intentionally. @ https://tv.orange.fr/en-direct/programmes-en-cours:0
[  270715ms] [WARNING] The resource https://tv.orange.fr/assets/img-bienvenue-DJwVlz_3.jpg was preloaded using link preload but not used within a few seconds from the window's load event. Please make sure it has an appropriate `as` value and it is preloaded intentionally. @ https://tv.orange.fr/en-direct/programmes-en-cours:0
[  331513ms] [ERROR] Failed to load resource: the server responded with a status of 401 () @ https://api.github.com/search/code?q=broadpeak+bpk+session+OR+SmartLib+in:file+language:cpp&per_page=10:0
[  334514ms] [WARNING] The resource https://tv.orange.fr/assets/img-bienvenue-DJwVlz_3.jpg was preloaded using link preload but not used within a few seconds from the window's load event. Please make sure it has an appropriate `as` value and it is preloaded intentionally. @ https://tv.orange.fr/en-direct/programmes-en-cours:0
[  402304ms] [WARNING] The resource https://tv.orange.fr/assets/img-bienvenue-DJwVlz_3.jpg was preloaded using link preload but not used within a few seconds from the window's load event. Please make sure it has an appropriate `as` value and it is preloaded intentionally. @ https://tv.orange.fr/en-direct/programmes-en-cours:0
[  403406ms] [WARNING] Manifest: property 'name' ignored, type string expected. @ https://tv.orange.fr/assets/manifest.webmanifest:0
[  403406ms] [WARNING] Manifest: property 'short_name' ignored, type string expected. @ https://tv.orange.fr/assets/manifest.webmanifest:0
[  403406ms] [WARNING] Manifest: property 'description' ignored, type string expected. @ https://tv.orange.fr/assets/manifest.webmanifest:0
[  407274ms] [WARNING] The resource https://tv.orange.fr/assets/img-bienvenue-DJwVlz_3.jpg was preloaded using link preload but not used within a few seconds from the window's load event. Please make sure it has an appropriate `as` value and it is preloaded intentionally. @ https://tv.orange.fr/fiche-info/en-direct/videos/1703271362:0
[  412127ms] [WARNING] The resource https://tv.orange.fr/assets/img-bienvenue-DJwVlz_3.jpg was preloaded using link preload but not used within a few seconds from the window's load event. Please make sure it has an appropriate `as` value and it is preloaded intentionally. @ https://tv.orange.fr/fiche-info/en-direct/videos/1703271362:0
[  431103ms] [WARNING] The resource https://tv.orange.fr/assets/img-bienvenue-DJwVlz_3.jpg was preloaded using link preload but not used within a few seconds from the window's load event. Please make sure it has an appropriate `as` value and it is preloaded intentionally. @ https://tv.orange.fr/fiche-info/en-direct/videos/1703271362:0
[  442206ms] [WARNING] The resource https://tv.orange.fr/assets/img-bienvenue-DJwVlz_3.jpg was preloaded using link preload but not used within a few seconds from the window's load event. Please make sure it has an appropriate `as` value and it is preloaded intentionally. @ https://tv.orange.fr/fiche-info/en-direct/videos/1703271362:0
[  451406ms] [WARNING] The resource https://tv.orange.fr/assets/img-bienvenue-DJwVlz_3.jpg was preloaded using link preload but not used within a few seconds from the window's load event. Please make sure it has an appropriate `as` value and it is preloaded intentionally. @ https://tv.orange.fr/fiche-info/en-direct/videos/1703271362:0
[  465794ms] [WARNING] The resource https://tv.orange.fr/assets/img-bienvenue-DJwVlz_3.jpg was preloaded using link preload but not used within a few seconds from the window's load event. Please make sure it has an appropriate `as` value and it is preloaded intentionally. @ https://tv.orange.fr/fiche-info/en-direct/videos/1703271362:0
[  474772ms] [WARNING] The resource https://tv.orange.fr/assets/img-bienvenue-DJwVlz_3.jpg was preloaded using link preload but not used within a few seconds from the window's load event. Please make sure it has an appropriate `as` value and it is preloaded intentionally. @ https://tv.orange.fr/fiche-info/en-direct/videos/1703271362:0
[  481182ms] [WARNING] The resource https://tv.orange.fr/assets/img-bienvenue-DJwVlz_3.jpg was preloaded using link preload but not used within a few seconds from the window's load event. Please make sure it has an appropriate `as` value and it is preloaded intentionally. @ https://tv.orange.fr/fiche-info/en-direct/videos/1703271362:0
[  498764ms] [WARNING] The resource https://tv.orange.fr/assets/img-bienvenue-DJwVlz_3.jpg was preloaded using link preload but not used within a few seconds from the window's load event. Please make sure it has an appropriate `as` value and it is preloaded intentionally. @ https://tv.orange.fr/fiche-info/en-direct/videos/1703271362:0
[  512970ms] [WARNING] The resource https://tv.orange.fr/assets/img-bienvenue-DJwVlz_3.jpg was preloaded using link preload but not used within a few seconds from the window's load event. Please make sure it has an appropriate `as` value and it is preloaded intentionally. @ https://tv.orange.fr/fiche-info/en-direct/videos/1703271362:0
[  528570ms] [WARNING] The resource https://tv.orange.fr/assets/img-bienvenue-DJwVlz_3.jpg was preloaded using link preload but not used within a few seconds from the window's load event. Please make sure it has an appropriate `as` value and it is preloaded intentionally. @ https://tv.orange.fr/fiche-info/en-direct/videos/1703271362:0
[  546840ms] [ERROR] Failed to load resource: the server responded with a status of 410 (Gone) @ https://tv.orange.fr/config.json:0
[  547017ms] [ERROR] Failed to load resource: the server responded with a status of 410 (Gone) @ https://tv.orange.fr/env.json:0
[  547175ms] [ERROR] Failed to load resource: the server responded with a status of 410 (Gone) @ https://tv.orange.fr/assets/config.json:0
[  547317ms] [ERROR] Failed to load resource: the server responded with a status of 410 (Gone) @ https://tv.orange.fr/api/config:0
[  549706ms] [WARNING] The resource https://tv.orange.fr/assets/img-bienvenue-DJwVlz_3.jpg was preloaded using link preload but not used within a few seconds from the window's load event. Please make sure it has an appropriate `as` value and it is preloaded intentionally. @ https://tv.orange.fr/fiche-info/en-direct/videos/1703271362:0
[  565971ms] [WARNING] The resource https://tv.orange.fr/assets/img-bienvenue-DJwVlz_3.jpg was preloaded using link preload but not used within a few seconds from the window's load event. Please make sure it has an appropriate `as` value and it is preloaded intentionally. @ https://tv.orange.fr/fiche-info/en-direct/videos/1703271362:0
[  582239ms] [WARNING] The resource https://tv.orange.fr/assets/img-bienvenue-DJwVlz_3.jpg was preloaded using link preload but not used within a few seconds from the window's load event. Please make sure it has an appropriate `as` value and it is preloaded intentionally. @ https://tv.orange.fr/fiche-info/en-direct/videos/1703271362:0
[  596786ms] [WARNING] The resource https://tv.orange.fr/assets/img-bienvenue-DJwVlz_3.jpg was preloaded using link preload but not used within a few seconds from the window's load event. Please make sure it has an appropriate `as` value and it is preloaded intentionally. @ https://tv.orange.fr/fiche-info/en-direct/videos/1703271362:0
[  611297ms] [INFO] [elcos/idzone] idZone is now loaded (tip: use addEventListener('idzone:loaded', ...) to subscribe to this event) @ https://elcos.cdn.s.woopic.com/load/public/CiC0VUhA/elcos-load-async.js:0
[  621887ms] [LOG] amp: navigate @ https://cdn.amplitude.com/libs/analytics-browser-2.34.1-feat-zoning-alpha.0-min.js.gz:0
[  647734ms] [LOG] amp: navigate @ https://cdn.amplitude.com/libs/analytics-browser-2.34.1-feat-zoning-alpha.0-min.js.gz:0
[  647735ms] [LOG] amp: beforeUnload @ https://cdn.amplitude.com/libs/analytics-browser-2.34.1-feat-zoning-alpha.0-min.js.gz:0
[  648234ms] [WARNING] Manifest: property 'name' ignored, type string expected. @ https://tv.orange.fr/assets/manifest.webmanifest:0
[  648234ms] [WARNING] Manifest: property 'short_name' ignored, type string expected. @ https://tv.orange.fr/assets/manifest.webmanifest:0
[  648234ms] [WARNING] Manifest: property 'description' ignored, type string expected. @ https://tv.orange.fr/assets/manifest.webmanifest:0
[  651448ms] [ERROR] Didomi - Syncing HTTP error 0 @ https://sdk.privacy-center.org/sdk/e0bf57ced25a19e7e26c167b511d816f7387ecc5/modern/sdk.e0bf57ced25a19e7e26c167b511d816f7387ecc5.js:1
[  662654ms] [WARNING] The resource https://tv.orange.fr/assets/img-bienvenue-DJwVlz_3.jpg was preloaded using link preload but not used within a few seconds from the window's load event. Please make sure it has an appropriate `as` value and it is preloaded intentionally. @ https://tv.orange.fr/fiche-info/en-direct/videos/1703271362:0
[  705365ms] [LOG] 05-23 20:21:24.087 V/BpkCoreEngine: Loading engine... @ https://tv.orange.fr/assets/voplayer-smartlib.min.js?webAppVersion=1.6.4:0
[  705365ms] [LOG] 05-23 20:21:24.103 V/BpkCoreEngine: Version: 7f2bd9b @ https://tv.orange.fr/assets/voplayer-smartlib.min.js?webAppVersion=1.6.4:0
[  705366ms] [LOG] 05-23 20:21:24.103 V/BpkCoreEngine: Registering system functions... @ https://tv.orange.fr/assets/voplayer-smartlib.min.js?webAppVersion=1.6.4:0
[  705367ms] [LOG] 05-23 20:21:24.104 D/BpkInternalAdMgr: Native PAL manager registered @ https://tv.orange.fr/assets/voplayer-smartlib.min.js?webAppVersion=1.6.4:0
[  705367ms] [LOG] 05-23 20:21:24.104 V/BpkCoreEngine: Took 17ms to load @ https://tv.orange.fr/assets/voplayer-smartlib.min.js?webAppVersion=1.6.4:0
[  705695ms] [LOG] {"datas":{"cookies":{},"deviceInfoText":{},"whaleAdID":{"whaleAdID":"b63ab2fe-ae23-d6f5-00dd-161522ba005f"}},"error":0} @ https://tv.orange.fr/assets/voplayer.min.js?webAppVersion=1.6.4:1
[  705696ms] [WARNING] It is recommended that a robustness level be specified. Not specifying the robustness level could result in unexpected behavior. @ https://tv.orange.fr/assets/voplayer.min.js?webAppVersion=1.6.4:1
[  705696ms] [LOG] Check STA Object: No STA object present @ https://tv.orange.fr/assets/voplayer.min.js?webAppVersion=1.6.4:1
[  705696ms] [LOG] widevine support ok @ https://tv.orange.fr/assets/voplayer.min.js?webAppVersion=1.6.4:1
[  705697ms] [LOG] no playready support @ https://tv.orange.fr/assets/voplayer.min.js?webAppVersion=1.6.4:1
[  705697ms] [LOG] NotSupportedError: Unsupported keySystem or supportedConfigurations. @ https://tv.orange.fr/assets/voplayer.min.js?webAppVersion=1.6.4:1
[  707026ms] [WARNING] It is recommended that a robustness level be specified. Not specifying the robustness level could result in unexpected behavior. @ https://tv.orange.fr/assets/voplayer.min.js?webAppVersion=1.6.4:1
[  750119ms] [WARNING] The resource https://tv.orange.fr/assets/img-bienvenue-DJwVlz_3.jpg was preloaded using link preload but not used within a few seconds from the window's load event. Please make sure it has an appropriate `as` value and it is preloaded intentionally. @ https://tv.orange.fr/lecture/en-direct/chaines/livetv_france2:0
[  865855ms] [WARNING] The resource https://tv.orange.fr/assets/img-bienvenue-DJwVlz_3.jpg was preloaded using link preload but not used within a few seconds from the window's load event. Please make sure it has an appropriate `as` value and it is preloaded intentionally. @ https://tv.orange.fr/lecture/en-direct/chaines/livetv_france2:0
[  877424ms] [WARNING] The resource https://tv.orange.fr/assets/img-bienvenue-DJwVlz_3.jpg was preloaded using link preload but not used within a few seconds from the window's load event. Please make sure it has an appropriate `as` value and it is preloaded intentionally. @ https://tv.orange.fr/lecture/en-direct/chaines/livetv_france2:0
[  991413ms] [WARNING] The resource https://tv.orange.fr/assets/img-bienvenue-DJwVlz_3.jpg was preloaded using link preload but not used within a few seconds from the window's load event. Please make sure it has an appropriate `as` value and it is preloaded intentionally. @ https://tv.orange.fr/lecture/en-direct/chaines/livetv_france2:0
[ 1434882ms] [WARNING] The resource https://tv.orange.fr/assets/img-bienvenue-DJwVlz_3.jpg was preloaded using link preload but not used within a few seconds from the window's load event. Please make sure it has an appropriate `as` value and it is preloaded intentionally. @ https://tv.orange.fr/lecture/en-direct/chaines/livetv_france2:0
[ 2417405ms] [WARNING] The resource https://tv.orange.fr/assets/img-bienvenue-DJwVlz_3.jpg was preloaded using link preload but not used within a few seconds from the window's load event. Please make sure it has an appropriate `as` value and it is preloaded intentionally. @ https://tv.orange.fr/lecture/en-direct/chaines/livetv_france2:0
[ 3075524ms] [WARNING] The resource https://tv.orange.fr/assets/img-bienvenue-DJwVlz_3.jpg was preloaded using link preload but not used within a few seconds from the window's load event. Please make sure it has an appropriate `as` value and it is preloaded intentionally. @ https://tv.orange.fr/fiche-info/en-direct/videos/1703271362:0
